// Jest Snapshot v1, https://goo.gl/fbAQLP

exports[`lists should initialize and render vertical list 1`] = `
<div
  class="vlayout_verticalList"
  style="position: absolute; left: 10px; z-index: 1; right: 10px; top: 10px; bottom: 10px; pointer-events: auto; flex-direction: column; justify-content: stretch; display: flex; align-items: stretch; overflow-y: scroll;"
>
  <div
    class="vlayout_listPrototype_user"
    style="pointer-events: none; position: relative; min-width: 100%;"
  >
    <div
      class="vlayout_label"
      style="position: absolute; z-index: 1;"
    >
      <span>
        Alex
        <br />
      </span>
      <div
        class="vlayout_label_shadow"
        style="position: absolute; white-space: pre; opacity: 0; z-index: 1;"
      >
        <span>
          Alex
          <br />
        </span>
      </div>
    </div>
  </div>
  <div
    class="vlayout_listPrototype_user"
    style="pointer-events: none; position: relative; min-width: 100%;"
  >
    <div
      class="vlayout_label"
      style="position: absolute; z-index: 1;"
    >
      <span>
        Anton
        <br />
      </span>
      <div
        class="vlayout_label_shadow"
        style="position: absolute; white-space: pre; opacity: 0; z-index: 1;"
      >
        <span>
          Anton
          <br />
        </span>
      </div>
    </div>
  </div>
  <div
    class="vlayout_listPrototype_user"
    style="pointer-events: none; position: relative; min-width: 100%;"
  >
    <div
      class="vlayout_label"
      style="position: absolute; z-index: 1;"
    >
      <span>
        Denis
        <br />
      </span>
      <div
        class="vlayout_label_shadow"
        style="position: absolute; white-space: pre; opacity: 0; z-index: 1;"
      >
        <span>
          Denis
          <br />
        </span>
      </div>
    </div>
  </div>
  <div
    class="vlayout_listPrototype_newUser"
    style="pointer-events: none; position: relative; min-width: 100%;"
  >
    <div
      class="vlayout_label"
      style="position: absolute; z-index: 1;"
    >
      <span>
        add new
        <br />
      </span>
      <div
        class="vlayout_label_shadow"
        style="position: absolute; white-space: pre; opacity: 0; z-index: 1;"
      >
        <span>
          add new
          <br />
        </span>
      </div>
    </div>
  </div>
</div>
`;
